global:
  external_labels:
    one: two
    three: four
  scrape_interval: 1m
  scrape_timeout: 1s
remote_write:
  - name: newrelic_rw
    url: "https://metric-api.newrelic.com/prometheus/v1/write"
    authorization: 
      credentials: fake
