scrape_configs:
  - job_name: default-pod
    kubernetes_sd_configs:
      - role: pod
    relabel_configs:
      - source_labels: [__meta_kubernetes_pod_phase]
        regex: Pending|Succeeded|Failed|Completed
        action: drop
      - source_labels: [__meta_kubernetes_pod_annotation_prometheus_io_scheme]
        action: replace
        regex: (https?)
        target_label: __scheme__
      - source_labels: [__meta_kubernetes_pod_annotation_prometheus_io_path]
        action: replace
        target_label: __metrics_path__
        regex: (.+)
      - source_labels: [__address__, __meta_kubernetes_pod_annotation_prometheus_io_port]
        action: replace
        regex: (.+?)(?::\d+)?;(\d+)
        replacement: $1:$2
        target_label: __address__
      - action: labelmap
        regex: __meta_kubernetes_pod_annotation_prometheus_io_param_(.+)
        replacement: __param_$1
      - action: labelmap
        regex: __meta_kubernetes_pod_label_(.+)
      - source_labels: [__meta_kubernetes_namespace]
        action: replace
        target_label: namespace
      - source_labels: [__meta_kubernetes_pod_node_name]
        action: replace
        target_label: node
      - source_labels: [__meta_kubernetes_pod_name]
        action: replace
        target_label: pod

remote_write:
  - name: newrelic_rw
    url: https://metric-api.newrelic.com/prometheus/v1/write?collector_name=prometheus-agent
    authorization:
      credentials: nrLicenseKey
