global:
  external_labels:
    one: two
    three: four
  scrape_interval: 1m
  scrape_timeout: 1s
  evaluation_interval: 1s
remote_write:
  - url: "https://metric-api.newrelic.com/prometheus/v1/write"
    authorization: {}
